ggml_opencl: selected platform: 'QUALCOMM Snapdragon(TM)'

ggml_opencl: device: 'QUALCOMM Adreno(TM) 830 (OpenCL 3.0 Adreno(TM) 830)'
ggml_opencl: OpenCL driver: OpenCL 3.0 QUALCOMM build: 0800.40.1 Compiler E031.47.18.36
ggml_opencl: vector subgroup broadcast support: true
ggml_opencl: device FP16 support: true
ggml_opencl: mem base addr align: 128
ggml_opencl: max mem alloc size: 1024 MB
ggml_opencl: device max workgroup size: 1024
ggml_opencl: SVM coarse grain buffer support: true
ggml_opencl: SVM fine grain buffer support: true
ggml_opencl: SVM fine grain system support: false
ggml_opencl: SVM atomics support: true
ggml_opencl: flattening quantized weights representation as struct of arrays (GGML_OPENCL_SOA_Q)
ggml_opencl: using kernels optimized for Adreno (GGML_OPENCL_USE_ADRENO_KERNELS)
ggml_opencl: loading OpenCL kernels........................................................................
ggml_opencl: default device: 'QUALCOMM Adreno(TM) 830 (OpenCL 3.0 Adreno(TM) 830)'
ggml-hex: Hexagon backend (experimental) : allocating new registry : ndev 1
ggml-hex: Hexagon Arch version v79
ggml-hex: allocating new session: HTP0
ggml-hex: new session: HTP0 : session-id 0 domain-id 3 uri file:///libggml-htp-v79.so?htp_iface_skel_handle_invoke&_modver=1.0&_dom=cdsp&_session=0 handle 0xb4000074e7922610
| model                          |       size |     params | backend    | ngl | threads |       poll | n_batch | n_ubatch | fa | mmap |            test |                  t/s |
| ------------------------------ | ---------: | ---------: | ---------- | --: | ------: | ---------: | ------: | -------: | -: | ---: | --------------: | -------------------: |
| phi3 3B Q4_K - Medium          |   2.31 GiB |     3.84 B | OpenCL,HTP |   0 |       4 |         30 |      64 |      128 |  1 |    0 |           pp512 |         24.74 ± 1.46 |
| phi3 3B Q4_K - Medium          |   2.31 GiB |     3.84 B | OpenCL,HTP |   0 |       4 |         30 |      64 |      128 |  1 |    0 |           tg256 |         11.34 ± 0.87 |

build: unknown (0)
